  LispInterpreter.c
C:\Users\scott\OneDrive\Documents\GTOMSCS\COMP-1010P-AU5\PSI Lisp Interpreter\C-Lisp-Interpreter\Lisp Interpreter\LispInterpreter.c(263,27): warning C4018: '<': signed/unsigned mismatch
C:\Users\scott\OneDrive\Documents\GTOMSCS\COMP-1010P-AU5\PSI Lisp Interpreter\C-Lisp-Interpreter\Lisp Interpreter\LispInterpreter.c(276,27): warning C4018: '<': signed/unsigned mismatch
C:\Users\scott\OneDrive\Documents\GTOMSCS\COMP-1010P-AU5\PSI Lisp Interpreter\C-Lisp-Interpreter\Lisp Interpreter\LispInterpreter.c(317,28): warning C4018: '<': signed/unsigned mismatch
C:\Users\scott\OneDrive\Documents\GTOMSCS\COMP-1010P-AU5\PSI Lisp Interpreter\C-Lisp-Interpreter\Lisp Interpreter\LispInterpreter.c(324,9): warning C4047: 'return': 'Value *' differs in levels of indirection from 'int64_t'
C:\Users\scott\OneDrive\Documents\GTOMSCS\COMP-1010P-AU5\PSI Lisp Interpreter\C-Lisp-Interpreter\Lisp Interpreter\LispInterpreter.c(327,9): warning C4047: 'return': 'Value *' differs in levels of indirection from 'int'
C:\Users\scott\OneDrive\Documents\GTOMSCS\COMP-1010P-AU5\PSI Lisp Interpreter\C-Lisp-Interpreter\Lisp Interpreter\LispInterpreter.c(334,13): warning C4047: 'initializing': 'int64_t' differs in levels of indirection from 'Value *'
C:\Users\scott\OneDrive\Documents\GTOMSCS\COMP-1010P-AU5\PSI Lisp Interpreter\C-Lisp-Interpreter\Lisp Interpreter\LispInterpreter.c(363,27): warning C4018: '<': signed/unsigned mismatch
C:\Users\scott\OneDrive\Documents\GTOMSCS\COMP-1010P-AU5\PSI Lisp Interpreter\C-Lisp-Interpreter\Lisp Interpreter\LispInterpreter.c(399,31): warning C4018: '<': signed/unsigned mismatch
C:\Users\scott\OneDrive\Documents\GTOMSCS\COMP-1010P-AU5\PSI Lisp Interpreter\C-Lisp-Interpreter\Lisp Interpreter\LispInterpreter.c(401,19): warning C4018: '<': signed/unsigned mismatch
C:\Users\scott\OneDrive\Documents\GTOMSCS\COMP-1010P-AU5\PSI Lisp Interpreter\C-Lisp-Interpreter\Lisp Interpreter\LispInterpreter.c(433,36): warning C4090: 'function': different 'const' qualifiers
C:\Users\scott\OneDrive\Documents\GTOMSCS\COMP-1010P-AU5\PSI Lisp Interpreter\C-Lisp-Interpreter\Lisp Interpreter\LispInterpreter.c(445,36): warning C4090: 'function': different 'const' qualifiers
C:\Users\scott\OneDrive\Documents\GTOMSCS\COMP-1010P-AU5\PSI Lisp Interpreter\C-Lisp-Interpreter\Lisp Interpreter\LispInterpreter.c(453,36): warning C4090: 'function': different 'const' qualifiers
C:\Users\scott\OneDrive\Documents\GTOMSCS\COMP-1010P-AU5\PSI Lisp Interpreter\C-Lisp-Interpreter\Lisp Interpreter\LispInterpreter.c(465,36): warning C4090: 'function': different 'const' qualifiers
C:\Users\scott\OneDrive\Documents\GTOMSCS\COMP-1010P-AU5\PSI Lisp Interpreter\C-Lisp-Interpreter\Lisp Interpreter\LispInterpreter.c(483,36): warning C4090: 'function': different 'const' qualifiers
C:\Users\scott\OneDrive\Documents\GTOMSCS\COMP-1010P-AU5\PSI Lisp Interpreter\C-Lisp-Interpreter\Lisp Interpreter\LispInterpreter.c(499,38): warning C4090: 'function': different 'const' qualifiers
C:\Users\scott\OneDrive\Documents\GTOMSCS\COMP-1010P-AU5\PSI Lisp Interpreter\C-Lisp-Interpreter\Lisp Interpreter\LispInterpreter.c(511,36): warning C4090: 'function': different 'const' qualifiers
C:\Users\scott\OneDrive\Documents\GTOMSCS\COMP-1010P-AU5\PSI Lisp Interpreter\C-Lisp-Interpreter\Lisp Interpreter\LispInterpreter.c(518,36): warning C4090: 'function': different 'const' qualifiers
C:\Users\scott\OneDrive\Documents\GTOMSCS\COMP-1010P-AU5\PSI Lisp Interpreter\C-Lisp-Interpreter\Lisp Interpreter\LispInterpreter.c(529,36): warning C4090: 'function': different 'const' qualifiers
C:\Users\scott\OneDrive\Documents\GTOMSCS\COMP-1010P-AU5\PSI Lisp Interpreter\C-Lisp-Interpreter\Lisp Interpreter\LispInterpreter.c(544,18): warning C4018: '<': signed/unsigned mismatch
C:\Users\scott\OneDrive\Documents\GTOMSCS\COMP-1010P-AU5\PSI Lisp Interpreter\C-Lisp-Interpreter\Lisp Interpreter\LispInterpreter.c(576,22): warning C4018: '<': signed/unsigned mismatch
C:\Users\scott\OneDrive\Documents\GTOMSCS\COMP-1010P-AU5\PSI Lisp Interpreter\C-Lisp-Interpreter\Lisp Interpreter\LispInterpreter.c(597,18): warning C4018: '<': signed/unsigned mismatch
C:\Users\scott\OneDrive\Documents\GTOMSCS\COMP-1010P-AU5\PSI Lisp Interpreter\C-Lisp-Interpreter\Lisp Interpreter\LispInterpreter.c(627,26): warning C4018: '<': signed/unsigned mismatch
C:\Users\scott\OneDrive\Documents\GTOMSCS\COMP-1010P-AU5\PSI Lisp Interpreter\C-Lisp-Interpreter\Lisp Interpreter\LispInterpreter.c(619,17): warning C4047: 'initializing': 'int64_t' differs in levels of indirection from 'void *'
C:\Users\scott\OneDrive\Documents\GTOMSCS\COMP-1010P-AU5\PSI Lisp Interpreter\C-Lisp-Interpreter\Lisp Interpreter\LispInterpreter.c(664,22): warning C4018: '<': signed/unsigned mismatch
C:\Users\scott\OneDrive\Documents\GTOMSCS\COMP-1010P-AU5\PSI Lisp Interpreter\C-Lisp-Interpreter\Lisp Interpreter\LispInterpreter.c(673,22): warning C4018: '<': signed/unsigned mismatch
C:\Users\scott\OneDrive\Documents\GTOMSCS\COMP-1010P-AU5\PSI Lisp Interpreter\C-Lisp-Interpreter\Lisp Interpreter\LispInterpreter.c(657,11): warning C4047: 'initializing': 'bool' differs in levels of indirection from 'void *'
C:\Users\scott\OneDrive\Documents\GTOMSCS\COMP-1010P-AU5\PSI Lisp Interpreter\C-Lisp-Interpreter\Lisp Interpreter\LispInterpreter.c(735,31): warning C4018: '<': signed/unsigned mismatch
C:\Users\scott\OneDrive\Documents\GTOMSCS\COMP-1010P-AU5\PSI Lisp Interpreter\C-Lisp-Interpreter\Lisp Interpreter\LispInterpreter.c(725,11): warning C4047: 'initializing': 'bool' differs in levels of indirection from 'void *'
C:\Users\scott\OneDrive\Documents\GTOMSCS\COMP-1010P-AU5\PSI Lisp Interpreter\C-Lisp-Interpreter\Lisp Interpreter\LispInterpreter.c(764,31): warning C4018: '<': signed/unsigned mismatch
C:\Users\scott\OneDrive\Documents\GTOMSCS\COMP-1010P-AU5\PSI Lisp Interpreter\C-Lisp-Interpreter\Lisp Interpreter\LispInterpreter.c(754,11): warning C4047: 'initializing': 'bool' differs in levels of indirection from 'void *'
C:\Users\scott\OneDrive\Documents\GTOMSCS\COMP-1010P-AU5\PSI Lisp Interpreter\C-Lisp-Interpreter\Lisp Interpreter\LispInterpreter.c(793,31): warning C4018: '<': signed/unsigned mismatch
C:\Users\scott\OneDrive\Documents\GTOMSCS\COMP-1010P-AU5\PSI Lisp Interpreter\C-Lisp-Interpreter\Lisp Interpreter\LispInterpreter.c(783,11): warning C4047: 'initializing': 'bool' differs in levels of indirection from 'void *'
C:\Users\scott\OneDrive\Documents\GTOMSCS\COMP-1010P-AU5\PSI Lisp Interpreter\C-Lisp-Interpreter\Lisp Interpreter\LispInterpreter.c(822,31): warning C4018: '<': signed/unsigned mismatch
C:\Users\scott\OneDrive\Documents\GTOMSCS\COMP-1010P-AU5\PSI Lisp Interpreter\C-Lisp-Interpreter\Lisp Interpreter\LispInterpreter.c(812,11): warning C4047: 'initializing': 'bool' differs in levels of indirection from 'void *'
C:\Users\scott\OneDrive\Documents\GTOMSCS\COMP-1010P-AU5\PSI Lisp Interpreter\C-Lisp-Interpreter\Lisp Interpreter\LispInterpreter.c(847,11): warning C4047: 'initializing': 'bool' differs in levels of indirection from 'void *'
C:\Users\scott\OneDrive\Documents\GTOMSCS\COMP-1010P-AU5\PSI Lisp Interpreter\C-Lisp-Interpreter\Lisp Interpreter\LispInterpreter.c(1142,35): warning C4018: '<': signed/unsigned mismatch
C:\Users\scott\OneDrive\Documents\GTOMSCS\COMP-1010P-AU5\PSI Lisp Interpreter\C-Lisp-Interpreter\Lisp Interpreter\LispInterpreter.c(1303,52): warning C4244: 'function': conversion from 'int64_t' to 'int', possible loss of data
C:\Users\scott\OneDrive\Documents\GTOMSCS\COMP-1010P-AU5\PSI Lisp Interpreter\C-Lisp-Interpreter\Lisp Interpreter\LispInterpreter.c(1364,52): warning C4244: 'function': conversion from 'int64_t' to 'int', possible loss of data
C:\Users\scott\OneDrive\Documents\GTOMSCS\COMP-1010P-AU5\PSI Lisp Interpreter\C-Lisp-Interpreter\Lisp Interpreter\LispInterpreter.c(1374,44): warning C4244: 'function': conversion from 'int64_t' to 'int', possible loss of data
C:\Users\scott\OneDrive\Documents\GTOMSCS\COMP-1010P-AU5\PSI Lisp Interpreter\C-Lisp-Interpreter\Lisp Interpreter\LispInterpreter.c(1429,52): warning C4244: 'function': conversion from 'int64_t' to 'int', possible loss of data
C:\Users\scott\OneDrive\Documents\GTOMSCS\COMP-1010P-AU5\PSI Lisp Interpreter\C-Lisp-Interpreter\Lisp Interpreter\LispInterpreter.c(1451,47): warning C4090: 'function': different 'const' qualifiers
C:\Users\scott\OneDrive\Documents\GTOMSCS\COMP-1010P-AU5\PSI Lisp Interpreter\C-Lisp-Interpreter\Lisp Interpreter\LispInterpreter.c(1466,50): warning C4090: 'function': different 'const' qualifiers
C:\Users\scott\OneDrive\Documents\GTOMSCS\COMP-1010P-AU5\PSI Lisp Interpreter\C-Lisp-Interpreter\Lisp Interpreter\LispInterpreter.c(1470,43): warning C4090: 'function': different 'const' qualifiers
C:\Users\scott\OneDrive\Documents\GTOMSCS\COMP-1010P-AU5\PSI Lisp Interpreter\C-Lisp-Interpreter\Lisp Interpreter\LispInterpreter.c(1502,39): warning C4090: 'function': different 'const' qualifiers
C:\Users\scott\OneDrive\Documents\GTOMSCS\COMP-1010P-AU5\PSI Lisp Interpreter\C-Lisp-Interpreter\Lisp Interpreter\LispInterpreter.c(1514,44): warning C4244: 'function': conversion from 'int64_t' to 'int', possible loss of data
C:\Users\scott\OneDrive\Documents\GTOMSCS\COMP-1010P-AU5\PSI Lisp Interpreter\C-Lisp-Interpreter\Lisp Interpreter\LispInterpreter.c(1524,40): warning C4244: 'function': conversion from 'int64_t' to 'int', possible loss of data
C:\Users\scott\OneDrive\Documents\GTOMSCS\COMP-1010P-AU5\PSI Lisp Interpreter\C-Lisp-Interpreter\Lisp Interpreter\LispInterpreter.c(1538,12): warning C4101: 'returnListOrError': unreferenced local variable
C:\Users\scott\OneDrive\Documents\GTOMSCS\COMP-1010P-AU5\PSI Lisp Interpreter\C-Lisp-Interpreter\Lisp Interpreter\LispInterpreter.c(1682,18): warning C4018: '<': signed/unsigned mismatch
C:\Users\scott\OneDrive\Documents\GTOMSCS\COMP-1010P-AU5\PSI Lisp Interpreter\C-Lisp-Interpreter\Lisp Interpreter\LispInterpreter.c(1711,43): warning C4047: '=': 'int64_t' differs in levels of indirection from 'Value *'
C:\Users\scott\OneDrive\Documents\GTOMSCS\COMP-1010P-AU5\PSI Lisp Interpreter\C-Lisp-Interpreter\Lisp Interpreter\LispInterpreter.c(1712,51): warning C4018: '<=': signed/unsigned mismatch
C:\Users\scott\OneDrive\Documents\GTOMSCS\COMP-1010P-AU5\PSI Lisp Interpreter\C-Lisp-Interpreter\Lisp Interpreter\LispInterpreter.c(1804,51): warning C4018: '<': signed/unsigned mismatch
C:\Users\scott\OneDrive\Documents\GTOMSCS\COMP-1010P-AU5\PSI Lisp Interpreter\C-Lisp-Interpreter\Lisp Interpreter\LispInterpreter.c(1834,47): warning C4018: '<': signed/unsigned mismatch
C:\Users\scott\OneDrive\Documents\GTOMSCS\COMP-1010P-AU5\PSI Lisp Interpreter\C-Lisp-Interpreter\Lisp Interpreter\LispInterpreter.c(1913,59): warning C4133: '=': incompatible types - from 'Value *' to 'char *'
C:\Users\scott\OneDrive\Documents\GTOMSCS\COMP-1010P-AU5\PSI Lisp Interpreter\C-Lisp-Interpreter\Lisp Interpreter\LispInterpreter.c(1886,33): warning C4047: 'initializing': 'int' differs in levels of indirection from 'void *'
C:\Users\scott\OneDrive\Documents\GTOMSCS\COMP-1010P-AU5\PSI Lisp Interpreter\C-Lisp-Interpreter\Lisp Interpreter\LispInterpreter.c(1931,42): warning C4267: 'initializing': conversion from 'size_t' to 'int', possible loss of data
C:\Users\scott\OneDrive\Documents\GTOMSCS\COMP-1010P-AU5\PSI Lisp Interpreter\C-Lisp-Interpreter\Lisp Interpreter\LispInterpreter.c(2052,55): warning C4133: 'function': incompatible types - from 'char *' to 'Value *'
C:\Users\scott\OneDrive\Documents\GTOMSCS\COMP-1010P-AU5\PSI Lisp Interpreter\C-Lisp-Interpreter\Lisp Interpreter\LispInterpreter.c(2052,36): warning C4133: 'function': incompatible types - from 'Value *' to 'char *'
C:\Users\scott\OneDrive\Documents\GTOMSCS\COMP-1010P-AU5\PSI Lisp Interpreter\C-Lisp-Interpreter\Lisp Interpreter\LispInterpreter.c(2138,31): warning C4018: '<': signed/unsigned mismatch
C:\Users\scott\OneDrive\Documents\GTOMSCS\COMP-1010P-AU5\PSI Lisp Interpreter\C-Lisp-Interpreter\Lisp Interpreter\LispInterpreter.c(2173,31): warning C4018: '<': signed/unsigned mismatch
C:\Users\scott\OneDrive\Documents\GTOMSCS\COMP-1010P-AU5\PSI Lisp Interpreter\C-Lisp-Interpreter\Lisp Interpreter\LispInterpreter.c(2180,31): warning C4018: '<': signed/unsigned mismatch
C:\Users\scott\OneDrive\Documents\GTOMSCS\COMP-1010P-AU5\PSI Lisp Interpreter\C-Lisp-Interpreter\Lisp Interpreter\LispInterpreter.c(2247,35): warning C4267: 'initializing': conversion from 'size_t' to 'int', possible loss of data
C:\Users\scott\OneDrive\Documents\GTOMSCS\COMP-1010P-AU5\PSI Lisp Interpreter\C-Lisp-Interpreter\Lisp Interpreter\LispInterpreter.c(2260,29): warning C4047: 'initializing': 'int64_t' differs in levels of indirection from 'Value *'
C:\Users\scott\OneDrive\Documents\GTOMSCS\COMP-1010P-AU5\PSI Lisp Interpreter\C-Lisp-Interpreter\Lisp Interpreter\LispInterpreter.c(2094,1): warning C4716: 'printNumber': must return a value
C:\Users\scott\OneDrive\Documents\GTOMSCS\COMP-1010P-AU5\PSI Lisp Interpreter\C-Lisp-Interpreter\Lisp Interpreter\LispInterpreter.c(2113,1): warning C4716: 'printBool': must return a value
C:\Users\scott\OneDrive\Documents\GTOMSCS\COMP-1010P-AU5\PSI Lisp Interpreter\C-Lisp-Interpreter\Lisp Interpreter\LispInterpreter.c(2122,1): warning C4716: 'printSymbol': must return a value
C:\Users\scott\OneDrive\Documents\GTOMSCS\COMP-1010P-AU5\PSI Lisp Interpreter\C-Lisp-Interpreter\Lisp Interpreter\LispInterpreter.c(2161,1): warning C4716: 'printFunction': must return a value
C:\Users\scott\OneDrive\Documents\GTOMSCS\COMP-1010P-AU5\PSI Lisp Interpreter\C-Lisp-Interpreter\Lisp Interpreter\LispInterpreter.c(2152,1): warning C4716: 'printList': must return a value
C:\Users\scott\OneDrive\Documents\GTOMSCS\COMP-1010P-AU5\PSI Lisp Interpreter\C-Lisp-Interpreter\Lisp Interpreter\LispInterpreter.c(2169,1): warning C4716: 'printError': must return a value
C:\Users\scott\OneDrive\Documents\GTOMSCS\COMP-1010P-AU5\PSI Lisp Interpreter\C-Lisp-Interpreter\Lisp Interpreter\LispInterpreter.c(2234,1): warning C4716: 'printValue': must return a value
C:\Users\scott\OneDrive\Documents\GTOMSCS\COMP-1010P-AU5\PSI Lisp Interpreter\C-Lisp-Interpreter\Lisp Interpreter\LispInterpreter.c(2204,1): warning C4716: 'printString': must return a value
  Lisp Interpreter.vcxproj -> C:\Users\scott\OneDrive\Documents\GTOMSCS\COMP-1010P-AU5\PSI Lisp Interpreter\C-Lisp-Interpreter\x64\Debug\Lisp Interpreter.exe
